// Jest Snapshot v1, https://goo.gl/fbAQLP

exports[`the v-if/else-if/else branchs in Transition should ignore comments 1`] = `
"const _Vue = Vue

return function render(_ctx, _cache) {
  with (_ctx) {
    const { openBlock: _openBlock, createBlock: _createBlock, createCommentVNode: _createCommentVNode, createVNode: _createVNode, Fragment: _Fragment, Transition: _Transition, withCtx: _withCtx } = _Vue

    return (_openBlock(), _createBlock(_Transition, null, {
      default: _withCtx(() => [
        a
          ? (_openBlock(), _createBlock(\\"div\\", { key: 0 }, \\"hey\\"))
          : b
            ? (_openBlock(), _createBlock(\\"div\\", { key: 1 }, \\"hey\\"))
            : (_openBlock(), _createBlock(\\"div\\", { key: 2 }, [
                c
                  ? (_openBlock(), _createBlock(\\"p\\", { key: 0 }))
                  : (_openBlock(), _createBlock(_Fragment, { key: 1 }, [
                      _createCommentVNode(\\" this should not be ignored \\"),
                      _createVNode(\\"p\\")
                    ], 2112 /* STABLE_FRAGMENT, DEV_ROOT_FRAGMENT */))
              ]))
      ]),
      _: 1 /* STABLE */
    }))
  }
}"
`;
